kind: pipeline
type: docker
name: defaults
steps:
  - name:  MY_STEP
    image: my_image
    commands:
      - my_command
---
kind: pipeline
type: docker
name: extra-pipeline
steps:
  - name:  extra_my_step
    image: extra_image
    commands:
      - echo "extra_command"